2025-11-21 13:13:55 - Token: eyJhbGciOi...
Response Code: 400
Curl Error: 
Response Body: {
  "error": "invalid_token",
  "error_description": "Invalid Value"
}

------------------
2025-11-21 13:19:47 - Token: eyJhbGciOi...
Response Code: 200
Curl Error: 
Response Body: {
  "iss": "accounts.google.com",
  "azp": "1021066705022-ic2rk68rst25k5u80s1se4qkjoicligd.apps.googleusercontent.com",
  "aud": "1021066705022-ic2rk68rst25k5u80s1se4qkjoicligd.apps.googleusercontent.com",
  "sub": "116171062857814152353",
  "email": "shukurovshoruz@gmail.com",
  "email_verified": "true",
  "at_hash": "KkVjtlS_A_9UCB1KpzIvzQ",
  "iat": "1763727586",
  "exp": "1763731186",
  "alg": "RS256",
  "kid": "a5733bbbd818aa5db195199cd568e5d685132d3f",
  "typ": "JWT"
}

------------------
2025-11-22 06:38:01 - Token: eyJhbGciOi...
Response Code: 200
Curl Error: 
Response Body: {
  "iss": "accounts.google.com",
  "azp": "1021066705022-ic2rk68rst25k5u80s1se4qkjoicligd.apps.googleusercontent.com",
  "aud": "1021066705022-ic2rk68rst25k5u80s1se4qkjoicligd.apps.googleusercontent.com",
  "sub": "116171062857814152353",
  "email": "shukurovshoruz@gmail.com",
  "email_verified": "true",
  "at_hash": "HnQUiyv6fMH5UwcL8icwDA",
  "iat": "1763789879",
  "exp": "1763793479",
  "alg": "RS256",
  "kid": "a5733bbbd818aa5db195199cd568e5d685132d3f",
  "typ": "JWT"
}

------------------
2025-11-22 06:49:44 - Token: eyJhbGciOi...
Response Code: 200
Curl Error: 
Response Body: {
  "iss": "accounts.google.com",
  "azp": "1021066705022-ic2rk68rst25k5u80s1se4qkjoicligd.apps.googleusercontent.com",
  "aud": "1021066705022-ic2rk68rst25k5u80s1se4qkjoicligd.apps.googleusercontent.com",
  "sub": "117419457334151516853",
  "email": "salomshuruvof@gmail.com",
  "email_verified": "true",
  "at_hash": "sRGuFZaFQU3v53HB2u9IXg",
  "iat": "1763790582",
  "exp": "1763794182",
  "alg": "RS256",
  "kid": "a5733bbbd818aa5db195199cd568e5d685132d3f",
  "typ": "JWT"
}

------------------
2025-11-22 10:18:36 - Token: eyJhbGciOi...
Response Code: 200
Curl Error: 
Response Body: {
  "iss": "accounts.google.com",
  "azp": "1021066705022-ic2rk68rst25k5u80s1se4qkjoicligd.apps.googleusercontent.com",
  "aud": "1021066705022-ic2rk68rst25k5u80s1se4qkjoicligd.apps.googleusercontent.com",
  "sub": "118442107605971421530",
  "email": "shukurovshohruz@gmail.com",
  "email_verified": "true",
  "at_hash": "S4GWACBT7QCkTprZ36H8tA",
  "iat": "1763803113",
  "exp": "1763806713",
  "alg": "RS256",
  "kid": "a5733bbbd818aa5db195199cd568e5d685132d3f",
  "typ": "JWT"
}

------------------
2025-11-24 15:12:31 - Token: eyJhbGciOi...
Response Code: 200
Curl Error: 
Response Body: {
  "iss": "accounts.google.com",
  "azp": "1021066705022-ic2rk68rst25k5u80s1se4qkjoicligd.apps.googleusercontent.com",
  "aud": "1021066705022-ic2rk68rst25k5u80s1se4qkjoicligd.apps.googleusercontent.com",
  "sub": "116171062857814152353",
  "email": "shukurovshoruz@gmail.com",
  "email_verified": "true",
  "at_hash": "pIc2Fs-8a9faBXVw2PKI_w",
  "iat": "1763993549",
  "exp": "1763997149",
  "alg": "RS256",
  "kid": "93a9358ccf99f1bb040bc6221d5493e1ffd8ada1",
  "typ": "JWT"
}

------------------
2025-11-29 10:56:49 - Token: eyJhbGciOi...
Response Code: 200
Curl Error: 
Response Body: {
  "iss": "accounts.google.com",
  "azp": "1021066705022-ic2rk68rst25k5u80s1se4qkjoicligd.apps.googleusercontent.com",
  "aud": "1021066705022-ic2rk68rst25k5u80s1se4qkjoicligd.apps.googleusercontent.com",
  "sub": "116171062857814152353",
  "email": "shukurovshoruz@gmail.com",
  "email_verified": "true",
  "at_hash": "eWD3iXRlctLDYl2XRMefPg",
  "iat": "1764410207",
  "exp": "1764413807",
  "alg": "RS256",
  "kid": "93a9358ccf99f1bb040bc6221d5493e1ffd8ada1",
  "typ": "JWT"
}

------------------
2025-11-30 14:56:46 - Token: eyJhbGciOi...
Response Code: 200
Curl Error: 
Response Body: {
  "iss": "accounts.google.com",
  "azp": "1021066705022-ic2rk68rst25k5u80s1se4qkjoicligd.apps.googleusercontent.com",
  "aud": "1021066705022-ic2rk68rst25k5u80s1se4qkjoicligd.apps.googleusercontent.com",
  "sub": "116171062857814152353",
  "email": "shukurovshoruz@gmail.com",
  "email_verified": "true",
  "at_hash": "B60DJK2IcmQKLbvrDTe4rQ",
  "iat": "1764511004",
  "exp": "1764514604",
  "alg": "RS256",
  "kid": "93a9358ccf99f1bb040bc6221d5493e1ffd8ada1",
  "typ": "JWT"
}

------------------
2025-12-01 18:17:18 - Token: eyJhbGciOi...
Response Code: 200
Curl Error: 
Response Body: {
  "iss": "accounts.google.com",
  "azp": "1021066705022-ic2rk68rst25k5u80s1se4qkjoicligd.apps.googleusercontent.com",
  "aud": "1021066705022-ic2rk68rst25k5u80s1se4qkjoicligd.apps.googleusercontent.com",
  "sub": "116171062857814152353",
  "email": "shukurovshoruz@gmail.com",
  "email_verified": "true",
  "at_hash": "22XWffWWbbGUjANYTrwmnQ",
  "iat": "1764609436",
  "exp": "1764613036",
  "alg": "RS256",
  "kid": "d543e21a0273efc66a4750002441cb2151cb235f",
  "typ": "JWT"
}

------------------
2025-12-01 18:22:59 - Token: eyJhbGciOi...
Response Code: 200
Curl Error: 
Response Body: {
  "iss": "accounts.google.com",
  "azp": "1021066705022-ic2rk68rst25k5u80s1se4qkjoicligd.apps.googleusercontent.com",
  "aud": "1021066705022-ic2rk68rst25k5u80s1se4qkjoicligd.apps.googleusercontent.com",
  "sub": "116171062857814152353",
  "email": "shukurovshoruz@gmail.com",
  "email_verified": "true",
  "at_hash": "Mcg8GQnZqDXvO14dqBANRQ",
  "iat": "1764609775",
  "exp": "1764613375",
  "alg": "RS256",
  "kid": "d543e21a0273efc66a4750002441cb2151cb235f",
  "typ": "JWT"
}

------------------
2025-12-01 18:24:36 - Token: eyJhbGciOi...
Response Code: 200
Curl Error: 
Response Body: {
  "iss": "accounts.google.com",
  "azp": "1021066705022-ic2rk68rst25k5u80s1se4qkjoicligd.apps.googleusercontent.com",
  "aud": "1021066705022-ic2rk68rst25k5u80s1se4qkjoicligd.apps.googleusercontent.com",
  "sub": "116171062857814152353",
  "email": "shukurovshoruz@gmail.com",
  "email_verified": "true",
  "at_hash": "oyHhCPKYL22SCr6sh2OKvw",
  "iat": "1764609873",
  "exp": "1764613473",
  "alg": "RS256",
  "kid": "d543e21a0273efc66a4750002441cb2151cb235f",
  "typ": "JWT"
}

------------------
2025-12-01 18:35:02 - Token: eyJhbGciOi...
Response Code: 200
Curl Error: 
Response Body: {
  "iss": "accounts.google.com",
  "azp": "1021066705022-ic2rk68rst25k5u80s1se4qkjoicligd.apps.googleusercontent.com",
  "aud": "1021066705022-ic2rk68rst25k5u80s1se4qkjoicligd.apps.googleusercontent.com",
  "sub": "118442107605971421530",
  "email": "shukurovshohruz@gmail.com",
  "email_verified": "true",
  "at_hash": "I1uOoHvN6x6VniXhrXuDdg",
  "iat": "1764610500",
  "exp": "1764614100",
  "alg": "RS256",
  "kid": "d543e21a0273efc66a4750002441cb2151cb235f",
  "typ": "JWT"
}

------------------
2025-12-04 13:46:18 - Token: eyJhbGciOi...
Response Code: 200
Curl Error: 
Response Body: {
  "iss": "accounts.google.com",
  "azp": "1021066705022-ic2rk68rst25k5u80s1se4qkjoicligd.apps.googleusercontent.com",
  "aud": "1021066705022-ic2rk68rst25k5u80s1se4qkjoicligd.apps.googleusercontent.com",
  "sub": "116171062857814152353",
  "email": "shukurovshoruz@gmail.com",
  "email_verified": "true",
  "at_hash": "2nntOIGRhMh7jkEeiG5Whw",
  "iat": "1764852376",
  "exp": "1764855976",
  "alg": "RS256",
  "kid": "d543e21a0273efc66a4750002441cb2151cb235f",
  "typ": "JWT"
}

------------------
2025-12-04 13:46:48 - Token: eyJhbGciOi...
Response Code: 200
Curl Error: 
Response Body: {
  "iss": "accounts.google.com",
  "azp": "1021066705022-ic2rk68rst25k5u80s1se4qkjoicligd.apps.googleusercontent.com",
  "aud": "1021066705022-ic2rk68rst25k5u80s1se4qkjoicligd.apps.googleusercontent.com",
  "sub": "118442107605971421530",
  "email": "shukurovshohruz@gmail.com",
  "email_verified": "true",
  "at_hash": "Qv2RxphpD2SArI9cp9yKIw",
  "iat": "1764852406",
  "exp": "1764856006",
  "alg": "RS256",
  "kid": "d543e21a0273efc66a4750002441cb2151cb235f",
  "typ": "JWT"
}

------------------
2025-12-04 13:54:17 - Token: eyJhbGciOi...
Response Code: 200
Curl Error: 
Response Body: {
  "iss": "accounts.google.com",
  "azp": "1021066705022-ic2rk68rst25k5u80s1se4qkjoicligd.apps.googleusercontent.com",
  "aud": "1021066705022-ic2rk68rst25k5u80s1se4qkjoicligd.apps.googleusercontent.com",
  "sub": "116171062857814152353",
  "email": "shukurovshoruz@gmail.com",
  "email_verified": "true",
  "at_hash": "5UfZujDS3nEOylbuzKD9Hw",
  "iat": "1764852856",
  "exp": "1764856456",
  "alg": "RS256",
  "kid": "d543e21a0273efc66a4750002441cb2151cb235f",
  "typ": "JWT"
}

------------------
